0 verbose cli /opt/homebrew/Cellar/node/26.0.0/bin/node /opt/homebrew/bin/npm
1 info using npm@11.12.1
2 info using node@v26.0.0
3 silly config load:file:/opt/homebrew/lib/node_modules/npm/npmrc
4 silly config load:file:/Users/apple/Downloads/App_chatbot/FE/.npmrc
5 silly config load:file:/Users/apple/.npmrc
6 silly config load:file:/Users/apple/.npm-global/etc/npmrc
7 verbose title npm install
8 verbose argv "install" "--cache" "./.npm-cache"
9 verbose logfile logs-max:10 dir:/Users/apple/Downloads/App_chatbot/FE/.npm-cache/_logs/2026-07-14T03_46_41_427Z-
10 verbose logfile /Users/apple/Downloads/App_chatbot/FE/.npm-cache/_logs/2026-07-14T03_46_41_427Z-debug-0.log
11 silly logfile done cleaning log files
12 silly packumentCache heap:4395630592 maxSize:1098907648 maxEntrySize:549453824
13 http fetch GET https://registry.npmjs.org/npm attempt 1 failed with ENOTFOUND
14 silly idealTree buildDeps
15 silly reify mark retired [
15 silly reify   '/Users/apple/Downloads/App_chatbot/FE/node_modules/baseline-browser-mapping'
15 silly reify ]
16 silly reify mark retired [ '/Users/apple/Downloads/App_chatbot/FE/node_modules/autoprefixer' ]
17 silly reify mark retired [ '/Users/apple/Downloads/App_chatbot/FE/node_modules/browserslist' ]
18 silly reify mark retired [ '/Users/apple/Downloads/App_chatbot/FE/node_modules/caniuse-lite' ]
19 silly reify mark retired [
19 silly reify   '/Users/apple/Downloads/App_chatbot/FE/node_modules/convert-source-map'
19 silly reify ]
20 silly reify mark retired [
20 silly reify   '/Users/apple/Downloads/App_chatbot/FE/node_modules/electron-to-chromium'
20 silly reify ]
21 silly reify mark retired [ '/Users/apple/Downloads/App_chatbot/FE/node_modules/fast-glob' ]
22 silly reify mark retired [ '/Users/apple/Downloads/App_chatbot/FE/node_modules/fastq' ]
23 silly reify mark retired [ '/Users/apple/Downloads/App_chatbot/FE/node_modules/fraction.js' ]
24 silly reify mark retired [ '/Users/apple/Downloads/App_chatbot/FE/node_modules/gensync' ]
25 silly reify mark retired [ '/Users/apple/Downloads/App_chatbot/FE/node_modules/hasown' ]
26 silly reify mark retired [ '/Users/apple/Downloads/App_chatbot/FE/node_modules/is-core-module' ]
27 silly reify mark retired [ '/Users/apple/Downloads/App_chatbot/FE/node_modules/jiti' ]
28 silly reify mark retired [ '/Users/apple/Downloads/App_chatbot/FE/node_modules/jsesc' ]
29 silly reify mark retired [ '/Users/apple/Downloads/App_chatbot/FE/node_modules/json5' ]
30 silly reify mark retired [ '/Users/apple/Downloads/App_chatbot/FE/node_modules/lru-cache' ]
31 silly reify mark retired [ '/Users/apple/Downloads/App_chatbot/FE/node_modules/nanoid' ]
32 silly reify mark retired [ '/Users/apple/Downloads/App_chatbot/FE/node_modules/node-releases' ]
33 silly reify mark retired [ '/Users/apple/Downloads/App_chatbot/FE/node_modules/pirates' ]
34 silly reify mark retired [ '/Users/apple/Downloads/App_chatbot/FE/node_modules/postcss' ]
35 silly reify mark retired [ '/Users/apple/Downloads/App_chatbot/FE/node_modules/postcss-js' ]
36 silly reify mark retired [
36 silly reify   '/Users/apple/Downloads/App_chatbot/FE/node_modules/postcss-load-config'
36 silly reify ]
37 silly reify mark retired [
37 silly reify   '/Users/apple/Downloads/App_chatbot/FE/node_modules/postcss-selector-parser'
37 silly reify ]
38 silly reify mark retired [ '/Users/apple/Downloads/App_chatbot/FE/node_modules/react-refresh' ]
39 silly reify mark retired [ '/Users/apple/Downloads/App_chatbot/FE/node_modules/reusify' ]
40 silly reify mark retired [ '/Users/apple/Downloads/App_chatbot/FE/node_modules/rollup' ]
41 silly reify mark retired [ '/Users/apple/Downloads/App_chatbot/FE/node_modules/semver' ]
42 silly reify mark retired [ '/Users/apple/Downloads/App_chatbot/FE/node_modules/tailwindcss' ]
43 silly reify mark retired [ '/Users/apple/Downloads/App_chatbot/FE/node_modules/tinyglobby' ]
44 silly reify mark retired [ '/Users/apple/Downloads/App_chatbot/FE/node_modules/sucrase' ]
45 silly reify mark retired [ '/Users/apple/Downloads/App_chatbot/FE/node_modules/typescript' ]
46 silly reify mark retired [
46 silly reify   '/Users/apple/Downloads/App_chatbot/FE/node_modules/update-browserslist-db'
46 silly reify ]
47 silly reify mark retired [ '/Users/apple/Downloads/App_chatbot/FE/node_modules/vite' ]
48 silly reify mark retired [ '/Users/apple/Downloads/App_chatbot/FE/node_modules/yallist' ]
49 silly reify mark retired [
49 silly reify   '/Users/apple/Downloads/App_chatbot/FE/node_modules/@babel/code-frame'
49 silly reify ]
50 silly reify mark retired [
50 silly reify   '/Users/apple/Downloads/App_chatbot/FE/node_modules/@babel/compat-data'
50 silly reify ]
51 silly reify mark retired [ '/Users/apple/Downloads/App_chatbot/FE/node_modules/@babel/core' ]
52 silly reify mark retired [
52 silly reify   '/Users/apple/Downloads/App_chatbot/FE/node_modules/@babel/generator'
52 silly reify ]
53 silly reify mark retired [
53 silly reify   '/Users/apple/Downloads/App_chatbot/FE/node_modules/@babel/helper-compilation-targets'
53 silly reify ]
54 silly reify mark retired [
54 silly reify   '/Users/apple/Downloads/App_chatbot/FE/node_modules/@babel/helper-globals'
54 silly reify ]
55 silly reify mark retired [
55 silly reify   '/Users/apple/Downloads/App_chatbot/FE/node_modules/@babel/helper-module-imports'
55 silly reify ]
56 silly reify mark retired [
56 silly reify   '/Users/apple/Downloads/App_chatbot/FE/node_modules/@babel/helper-module-transforms'
56 silly reify ]
57 silly reify mark retired [
57 silly reify   '/Users/apple/Downloads/App_chatbot/FE/node_modules/@babel/helper-plugin-utils'
57 silly reify ]
58 silly reify mark retired [
58 silly reify   '/Users/apple/Downloads/App_chatbot/FE/node_modules/@babel/helper-string-parser'
58 silly reify ]
59 silly reify mark retired [
59 silly reify   '/Users/apple/Downloads/App_chatbot/FE/node_modules/@babel/helper-validator-identifier'
59 silly reify ]
60 silly reify mark retired [
60 silly reify   '/Users/apple/Downloads/App_chatbot/FE/node_modules/@babel/helper-validator-option'
60 silly reify ]
61 silly reify mark retired [ '/Users/apple/Downloads/App_chatbot/FE/node_modules/@babel/helpers' ]
62 silly reify mark retired [ '/Users/apple/Downloads/App_chatbot/FE/node_modules/@babel/parser' ]
63 silly reify mark retired [
63 silly reify   '/Users/apple/Downloads/App_chatbot/FE/node_modules/@babel/plugin-transform-react-jsx-self'
63 silly reify ]
64 silly reify mark retired [
64 silly reify   '/Users/apple/Downloads/App_chatbot/FE/node_modules/@babel/plugin-transform-react-jsx-source'
64 silly reify ]
65 silly reify mark retired [
65 silly reify   '/Users/apple/Downloads/App_chatbot/FE/node_modules/@babel/template'
65 silly reify ]
66 silly reify mark retired [
66 silly reify   '/Users/apple/Downloads/App_chatbot/FE/node_modules/@babel/traverse'
66 silly reify ]
67 silly reify mark retired [ '/Users/apple/Downloads/App_chatbot/FE/node_modules/@babel/types' ]
68 silly reify mark retired [
68 silly reify   '/Users/apple/Downloads/App_chatbot/FE/node_modules/@jridgewell/gen-mapping'
68 silly reify ]
69 silly reify mark retired [
69 silly reify   '/Users/apple/Downloads/App_chatbot/FE/node_modules/@jridgewell/remapping'
69 silly reify ]
70 silly reify mark retired [
70 silly reify   '/Users/apple/Downloads/App_chatbot/FE/node_modules/@jridgewell/sourcemap-codec'
70 silly reify ]
71 silly reify mark retired [
71 silly reify   '/Users/apple/Downloads/App_chatbot/FE/node_modules/@jridgewell/trace-mapping'
71 silly reify ]
72 silly reify mark retired [
72 silly reify   '/Users/apple/Downloads/App_chatbot/FE/node_modules/@types/babel__core'
72 silly reify ]
73 silly reify mark retired [
73 silly reify   '/Users/apple/Downloads/App_chatbot/FE/node_modules/@types/babel__generator'
73 silly reify ]
74 silly reify mark retired [
74 silly reify   '/Users/apple/Downloads/App_chatbot/FE/node_modules/@types/babel__traverse'
74 silly reify ]
75 silly reify mark retired [ '/Users/apple/Downloads/App_chatbot/FE/node_modules/@types/estree' ]
76 silly reify mark retired [
76 silly reify   '/Users/apple/Downloads/App_chatbot/FE/node_modules/@types/prop-types'
76 silly reify ]
77 silly reify mark retired [
77 silly reify   '/Users/apple/Downloads/App_chatbot/FE/node_modules/@types/babel__template'
77 silly reify ]
78 silly reify mark retired [ '/Users/apple/Downloads/App_chatbot/FE/node_modules/@types/react' ]
79 silly reify mark retired [
79 silly reify   '/Users/apple/Downloads/App_chatbot/FE/node_modules/@rollup/rollup-darwin-arm64'
79 silly reify ]
80 silly reify mark retired [
80 silly reify   '/Users/apple/Downloads/App_chatbot/FE/node_modules/@vitejs/plugin-react'
80 silly reify ]
81 silly reify mark retired [
81 silly reify   '/Users/apple/Downloads/App_chatbot/FE/node_modules/cssesc',
81 silly reify   '/Users/apple/Downloads/App_chatbot/FE/node_modules/.bin/cssesc'
81 silly reify ]
82 silly reify mark retired [
82 silly reify   '/Users/apple/Downloads/App_chatbot/FE/node_modules/esbuild',
82 silly reify   '/Users/apple/Downloads/App_chatbot/FE/node_modules/.bin/esbuild'
82 silly reify ]
83 silly reify mark retired [
83 silly reify   '/Users/apple/Downloads/App_chatbot/FE/node_modules/loose-envify',
83 silly reify   '/Users/apple/Downloads/App_chatbot/FE/node_modules/.bin/loose-envify'
83 silly reify ]
84 silly reify mark retired [
84 silly reify   '/Users/apple/Downloads/App_chatbot/FE/node_modules/resolve',
84 silly reify   '/Users/apple/Downloads/App_chatbot/FE/node_modules/.bin/resolve'
84 silly reify ]
85 silly reify moves {
85 silly reify   '/Users/apple/Downloads/App_chatbot/FE/node_modules/baseline-browser-mapping': '/Users/apple/Downloads/App_chatbot/FE/node_modules/.baseline-browser-mapping-Uk0ZkPdG',
85 silly reify   '/Users/apple/Downloads/App_chatbot/FE/node_modules/autoprefixer': '/Users/apple/Downloads/App_chatbot/FE/node_modules/.autoprefixer-k39jEWr1',
85 silly reify   '/Users/apple/Downloads/App_chatbot/FE/node_modules/browserslist': '/Users/apple/Downloads/App_chatbot/FE/node_modules/.browserslist-i0SX4hF5',
85 silly reify   '/Users/apple/Downloads/App_chatbot/FE/node_modules/caniuse-lite': '/Users/apple/Downloads/App_chatbot/FE/node_modules/.caniuse-lite-DAPvCETs',
85 silly reify   '/Users/apple/Downloads/App_chatbot/FE/node_modules/convert-source-map': '/Users/apple/Downloads/App_chatbot/FE/node_modules/.convert-source-map-i0OFCcdx',
85 silly reify   '/Users/apple/Downloads/App_chatbot/FE/node_modules/electron-to-chromium': '/Users/apple/Downloads/App_chatbot/FE/node_modules/.electron-to-chromium-32FZVVbF',
85 silly reify   '/Users/apple/Downloads/App_chatbot/FE/node_modules/fast-glob': '/Users/apple/Downloads/App_chatbot/FE/node_modules/.fast-glob-tIJ3Vp9w',
85 silly reify   '/Users/apple/Downloads/App_chatbot/FE/node_modules/fastq': '/Users/apple/Downloads/App_chatbot/FE/node_modules/.fastq-jNXHnchZ',
85 silly reify   '/Users/apple/Downloads/App_chatbot/FE/node_modules/fraction.js': '/Users/apple/Downloads/App_chatbot/FE/node_modules/.fraction.js-gLMXL1rN',
85 silly reify   '/Users/apple/Downloads/App_chatbot/FE/node_modules/gensync': '/Users/apple/Downloads/App_chatbot/FE/node_modules/.gensync-MXp6gUhp',
85 silly reify   '/Users/apple/Downloads/App_chatbot/FE/node_modules/hasown': '/Users/apple/Downloads/App_chatbot/FE/node_modules/.hasown-LtGNCpGn',
85 silly reify   '/Users/apple/Downloads/App_chatbot/FE/node_modules/is-core-module': '/Users/apple/Downloads/App_chatbot/FE/node_modules/.is-core-module-b1ae62fB',
85 silly reify   '/Users/apple/Downloads/App_chatbot/FE/node_modules/jiti': '/Users/apple/Downloads/App_chatbot/FE/node_modules/.jiti-BkhS7LqI',
85 silly reify   '/Users/apple/Downloads/App_chatbot/FE/node_modules/jsesc': '/Users/apple/Downloads/App_chatbot/FE/node_modules/.jsesc-N1kWj4De',
85 silly reify   '/Users/apple/Downloads/App_chatbot/FE/node_modules/json5': '/Users/apple/Downloads/App_chatbot/FE/node_modules/.json5-rOEuM3eS',
85 silly reify   '/Users/apple/Downloads/App_chatbot/FE/node_modules/lru-cache': '/Users/apple/Downloads/App_chatbot/FE/node_modules/.lru-cache-av8KMVgk',
85 silly reify   '/Users/apple/Downloads/App_chatbot/FE/node_modules/nanoid': '/Users/apple/Downloads/App_chatbot/FE/node_modules/.nanoid-dRx445pJ',
85 silly reify   '/Users/apple/Downloads/App_chatbot/FE/node_modules/node-releases': '/Users/apple/Downloads/App_chatbot/FE/node_modules/.node-releases-wryLo8ez',
85 silly reify   '/Users/apple/Downloads/App_chatbot/FE/node_modules/pirates': '/Users/apple/Downloads/App_chatbot/FE/node_modules/.pirates-iv0Zk8Gc',
85 silly reify   '/Users/apple/Downloads/App_chatbot/FE/node_modules/postcss': '/Users/apple/Downloads/App_chatbot/FE/node_modules/.postcss-uz91VxJ8',
85 silly reify   '/Users/apple/Downloads/App_chatbot/FE/node_modules/postcss-js': '/Users/apple/Downloads/App_chatbot/FE/node_modules/.postcss-js-COEyAFHm',
85 silly reify   '/Users/apple/Downloads/App_chatbot/FE/node_modules/postcss-load-config': '/Users/apple/Downloads/App_chatbot/FE/node_modules/.postcss-load-config-pJ8FeEjR',
85 silly reify   '/Users/apple/Downloads/App_chatbot/FE/node_modules/postcss-selector-parser': '/Users/apple/Downloads/App_chatbot/FE/node_modules/.postcss-selector-parser-u2hwxsAq',
85 silly reify   '/Users/apple/Downloads/App_chatbot/FE/node_modules/react-refresh': '/Users/apple/Downloads/App_chatbot/FE/node_modules/.react-refresh-v47L8p9P',
85 silly reify   '/Users/apple/Downloads/App_chatbot/FE/node_modules/reusify': '/Users/apple/Downloads/App_chatbot/FE/node_modules/.reusify-6grXrm6J',
85 silly reify   '/Users/apple/Downloads/App_chatbot/FE/node_modules/rollup': '/Users/apple/Downloads/App_chatbot/FE/node_modules/.rollup-36cziH0W',
85 silly reify   '/Users/apple/Downloads/App_chatbot/FE/node_modules/semver': '/Users/apple/Downloads/App_chatbot/FE/node_modules/.semver-ddjQIr7C',
85 silly reify   '/Users/apple/Downloads/App_chatbot/FE/node_modules/tailwindcss': '/Users/apple/Downloads/App_chatbot/FE/node_modules/.tailwindcss-FBeLTais',
85 silly reify   '/Users/apple/Downloads/App_chatbot/FE/node_modules/tinyglobby': '/Users/apple/Downloads/App_chatbot/FE/node_modules/.tinyglobby-yyHpaQxW',
85 silly reify   '/Users/apple/Downloads/App_chatbot/FE/node_modules/sucrase': '/Users/apple/Downloads/App_chatbot/FE/node_modules/.sucrase-RCEfTqpZ',
85 silly reify   '/Users/apple/Downloads/App_chatbot/FE/node_modules/typescript': '/Users/apple/Downloads/App_chatbot/FE/node_modules/.typescript-DiUD65yb',
85 silly reify   '/Users/apple/Downloads/App_chatbot/FE/node_modules/update-browserslist-db': '/Users/apple/Downloads/App_chatbot/FE/node_modules/.update-browserslist-db-qqLOeCuy',
85 silly reify   '/Users/apple/Downloads/App_chatbot/FE/node_modules/vite': '/Users/apple/Downloads/App_chatbot/FE/node_modules/.vite-gLO04KgS',
85 silly reify   '/Users/apple/Downloads/App_chatbot/FE/node_modules/yallist': '/Users/apple/Downloads/App_chatbot/FE/node_modules/.yallist-6ttrL1zC',
85 silly reify   '/Users/apple/Downloads/App_chatbot/FE/node_modules/@babel/code-frame': '/Users/apple/Downloads/App_chatbot/FE/node_modules/@babel/.code-frame-GhC2ZJmg',
85 silly reify   '/Users/apple/Downloads/App_chatbot/FE/node_modules/@babel/compat-data': '/Users/apple/Downloads/App_chatbot/FE/node_modules/@babel/.compat-data-9cgTCc6e',
85 silly reify   '/Users/apple/Downloads/App_chatbot/FE/node_modules/@babel/core': '/Users/apple/Downloads/App_chatbot/FE/node_modules/@babel/.core-9LGojw6O',
85 silly reify   '/Users/apple/Downloads/App_chatbot/FE/node_modules/@babel/generator': '/Users/apple/Downloads/App_chatbot/FE/node_modules/@babel/.generator-3VBkG4lT',
85 silly reify   '/Users/apple/Downloads/App_chatbot/FE/node_modules/@babel/helper-compilation-targets': '/Users/apple/Downloads/App_chatbot/FE/node_modules/@babel/.helper-compilation-targets-13hWXSv5',
85 silly reify   '/Users/apple/Downloads/App_chatbot/FE/node_modules/@babel/helper-globals': '/Users/apple/Downloads/App_chatbot/FE/node_modules/@babel/.helper-globals-r8k6M9WO',
85 silly reify   '/Users/apple/Downloads/App_chatbot/FE/node_modules/@babel/helper-module-imports': '/Users/apple/Downloads/App_chatbot/FE/node_modules/@babel/.helper-module-imports-jikXjUFD',
85 silly reify   '/Users/apple/Downloads/App_chatbot/FE/node_modules/@babel/helper-module-transforms': '/Users/apple/Downloads/App_chatbot/FE/node_modules/@babel/.helper-module-transforms-YiC8U7aH',
85 silly reify   '/Users/apple/Downloads/App_chatbot/FE/node_modules/@babel/helper-plugin-utils': '/Users/apple/Downloads/App_chatbot/FE/node_modules/@babel/.helper-plugin-utils-6Dpqgjo4',
85 silly reify   '/Users/apple/Downloads/App_chatbot/FE/node_modules/@babel/helper-string-parser': '/Users/apple/Downloads/App_chatbot/FE/node_modules/@babel/.helper-string-parser-BZ9IGmnU',
85 silly reify   '/Users/apple/Downloads/App_chatbot/FE/node_modules/@babel/helper-validator-identifier': '/Users/apple/Downloads/App_chatbot/FE/node_modules/@babel/.helper-validator-identifier-w5PwO3iR',
85 silly reify   '/Users/apple/Downloads/App_chatbot/FE/node_modules/@babel/helper-validator-option': '/Users/apple/Downloads/App_chatbot/FE/node_modules/@babel/.helper-validator-option-uYQMDtZ7',
85 silly reify   '/Users/apple/Downloads/App_chatbot/FE/node_modules/@babel/helpers': '/Users/apple/Downloads/App_chatbot/FE/node_modules/@babel/.helpers-G3ULpMiN',
85 silly reify   '/Users/apple/Downloads/App_chatbot/FE/node_modules/@babel/parser': '/Users/apple/Downloads/App_chatbot/FE/node_modules/@babel/.parser-7CzXTffR',
85 silly reify   '/Users/apple/Downloads/App_chatbot/FE/node_modules/@babel/plugin-transform-react-jsx-self': '/Users/apple/Downloads/App_chatbot/FE/node_modules/@babel/.plugin-transform-react-jsx-self-kOvTaPl1',
85 silly reify   '/Users/apple/Downloads/App_chatbot/FE/node_modules/@babel/plugin-transform-react-jsx-source': '/Users/apple/Downloads/App_chatbot/FE/node_modules/@babel/.plugin-transform-react-jsx-source-q019LfOA',
85 silly reify   '/Users/apple/Downloads/App_chatbot/FE/node_modules/@babel/template': '/Users/apple/Downloads/App_chatbot/FE/node_modules/@babel/.template-CKd05tgP',
85 silly reify   '/Users/apple/Downloads/App_chatbot/FE/node_modules/@babel/traverse': '/Users/apple/Downloads/App_chatbot/FE/node_modules/@babel/.traverse-MOXaZZcE',
85 silly reify   '/Users/apple/Downloads/App_chatbot/FE/node_modules/@babel/types': '/Users/apple/Downloads/App_chatbot/FE/node_modules/@babel/.types-vI4l6h4r',
85 silly reify   '/Users/apple/Downloads/App_chatbot/FE/node_modules/@jridgewell/gen-mapping': '/Users/apple/Downloads/App_chatbot/FE/node_modules/@jridgewell/.gen-mapping-KuFdYh5G',
85 silly reify   '/Users/apple/Downloads/App_chatbot/FE/node_modules/@jridgewell/remapping': '/Users/apple/Downloads/App_chatbot/FE/node_modules/@jridgewell/.remapping-tJekMOYd',
85 silly reify   '/Users/apple/Downloads/App_chatbot/FE/node_modules/@jridgewell/sourcemap-codec': '/Users/apple/Downloads/App_chatbot/FE/node_modules/@jridgewell/.sourcemap-codec-qDMnXPSr',
85 silly reify   '/Users/apple/Downloads/App_chatbot/FE/node_modules/@jridgewell/trace-mapping': '/Users/apple/Downloads/App_chatbot/FE/node_modules/@jridgewell/.trace-mapping-7GPYAFgX',
85 silly reify   '/Users/apple/Downloads/App_chatbot/FE/node_modules/@types/babel__core': '/Users/apple/Downloads/App_chatbot/FE/node_modules/@types/.babel__core-VM8dsOy1',
85 silly reify   '/Users/apple/Downloads/App_chatbot/FE/node_modules/@types/babel__generator': '/Users/apple/Downloads/App_chatbot/FE/node_modules/@types/.babel__generator-jY405UUM',
85 silly reify   '/Users/apple/Downloads/App_chatbot/FE/node_modules/@types/babel__traverse': '/Users/apple/Downloads/App_chatbot/FE/node_modules/@types/.babel__traverse-nB6WOyZY',
85 silly reify   '/Users/apple/Downloads/App_chatbot/FE/node_modules/@types/estree': '/Users/apple/Downloads/App_chatbot/FE/node_modules/@types/.estree-JHpiziVa',
85 silly reify   '/Users/apple/Downloads/App_chatbot/FE/node_modules/@types/prop-types': '/Users/apple/Downloads/App_chatbot/FE/node_modules/@types/.prop-types-1yJf3JYb',
85 silly reify   '/Users/apple/Downloads/App_chatbot/FE/node_modules/@types/babel__template': '/Users/apple/Downloads/App_chatbot/FE/node_modules/@types/.babel__template-IFD5b41v',
85 silly reify   '/Users/apple/Downloads/App_chatbot/FE/node_modules/@types/react': '/Users/apple/Downloads/App_chatbot/FE/node_modules/@types/.react-KxnRpw1Q',
85 silly reify   '/Users/apple/Downloads/App_chatbot/FE/node_modules/@rollup/rollup-darwin-arm64': '/Users/apple/Downloads/App_chatbot/FE/node_modules/@rollup/.rollup-darwin-arm64-S5GMsDjy',
85 silly reify   '/Users/apple/Downloads/App_chatbot/FE/node_modules/@vitejs/plugin-react': '/Users/apple/Downloads/App_chatbot/FE/node_modules/@vitejs/.plugin-react-iEzYyPKG',
85 silly reify   '/Users/apple/Downloads/App_chatbot/FE/node_modules/cssesc': '/Users/apple/Downloads/App_chatbot/FE/node_modules/.cssesc-67myS5tZ',
85 silly reify   '/Users/apple/Downloads/App_chatbot/FE/node_modules/.bin/cssesc': '/Users/apple/Downloads/App_chatbot/FE/node_modules/.bin/.cssesc-5R7zcay8',
85 silly reify   '/Users/apple/Downloads/App_chatbot/FE/node_modules/esbuild': '/Users/apple/Downloads/App_chatbot/FE/node_modules/.esbuild-3xY4GtJE',
85 silly reify   '/Users/apple/Downloads/App_chatbot/FE/node_modules/.bin/esbuild': '/Users/apple/Downloads/App_chatbot/FE/node_modules/.bin/.esbuild-rvlxwMyH',
85 silly reify   '/Users/apple/Downloads/App_chatbot/FE/node_modules/loose-envify': '/Users/apple/Downloads/App_chatbot/FE/node_modules/.loose-envify-D9R44Rrc',
85 silly reify   '/Users/apple/Downloads/App_chatbot/FE/node_modules/.bin/loose-envify': '/Users/apple/Downloads/App_chatbot/FE/node_modules/.bin/.loose-envify-gmMHUBo9',
85 silly reify   '/Users/apple/Downloads/App_chatbot/FE/node_modules/resolve': '/Users/apple/Downloads/App_chatbot/FE/node_modules/.resolve-mW5sqLlC',
85 silly reify   '/Users/apple/Downloads/App_chatbot/FE/node_modules/.bin/resolve': '/Users/apple/Downloads/App_chatbot/FE/node_modules/.bin/.resolve-E7Uv6Nic'
85 silly reify }
86 silly audit bulk request {
86 silly audit   '@alloc/quick-lru': [ '5.2.0' ],
86 silly audit   '@babel/code-frame': [ '7.29.7' ],
86 silly audit   '@babel/compat-data': [ '7.29.7' ],
86 silly audit   '@babel/core': [ '7.29.7' ],
86 silly audit   '@babel/generator': [ '7.29.7' ],
86 silly audit   '@babel/helper-compilation-targets': [ '7.29.7' ],
86 silly audit   '@babel/helper-globals': [ '7.29.7' ],
86 silly audit   '@babel/helper-module-imports': [ '7.29.7' ],
86 silly audit   '@babel/helper-module-transforms': [ '7.29.7' ],
86 silly audit   '@babel/helper-plugin-utils': [ '7.29.7' ],
86 silly audit   '@babel/helper-string-parser': [ '7.29.7' ],
86 silly audit   '@babel/helper-validator-identifier': [ '7.29.7' ],
86 silly audit   '@babel/helper-validator-option': [ '7.29.7' ],
86 silly audit   '@babel/helpers': [ '7.29.7' ],
86 silly audit   '@babel/parser': [ '7.29.7' ],
86 silly audit   '@babel/plugin-transform-react-jsx-self': [ '7.29.7' ],
86 silly audit   '@babel/plugin-transform-react-jsx-source': [ '7.29.7' ],
86 silly audit   '@babel/template': [ '7.29.7' ],
86 silly audit   '@babel/traverse': [ '7.29.7' ],
86 silly audit   '@babel/types': [ '7.29.7' ],
86 silly audit   '@esbuild/aix-ppc64': [ '0.21.5' ],
86 silly audit   '@esbuild/android-arm': [ '0.21.5' ],
86 silly audit   '@esbuild/android-arm64': [ '0.21.5' ],
86 silly audit   '@esbuild/android-x64': [ '0.21.5' ],
86 silly audit   '@esbuild/darwin-arm64': [ '0.21.5' ],
86 silly audit   '@esbuild/darwin-x64': [ '0.21.5' ],
86 silly audit   '@esbuild/freebsd-arm64': [ '0.21.5' ],
86 silly audit   '@esbuild/freebsd-x64': [ '0.21.5' ],
86 silly audit   '@esbuild/linux-arm': [ '0.21.5' ],
86 silly audit   '@esbuild/linux-arm64': [ '0.21.5' ],
86 silly audit   '@esbuild/linux-ia32': [ '0.21.5' ],
86 silly audit   '@esbuild/linux-loong64': [ '0.21.5' ],
86 silly audit   '@esbuild/linux-mips64el': [ '0.21.5' ],
86 silly audit   '@esbuild/linux-ppc64': [ '0.21.5' ],
86 silly audit   '@esbuild/linux-riscv64': [ '0.21.5' ],
86 silly audit   '@esbuild/linux-s390x': [ '0.21.5' ],
86 silly audit   '@esbuild/linux-x64': [ '0.21.5' ],
86 silly audit   '@esbuild/netbsd-x64': [ '0.21.5' ],
86 silly audit   '@esbuild/openbsd-x64': [ '0.21.5' ],
86 silly audit   '@esbuild/sunos-x64': [ '0.21.5' ],
86 silly audit   '@esbuild/win32-arm64': [ '0.21.5' ],
86 silly audit   '@esbuild/win32-ia32': [ '0.21.5' ],
86 silly audit   '@esbuild/win32-x64': [ '0.21.5' ],
86 silly audit   '@jridgewell/gen-mapping': [ '0.3.13' ],
86 silly audit   '@jridgewell/remapping': [ '2.3.5' ],
86 silly audit   '@jridgewell/resolve-uri': [ '3.1.2' ],
86 silly audit   '@jridgewell/sourcemap-codec': [ '1.5.5' ],
86 silly audit   '@jridgewell/trace-mapping': [ '0.3.31' ],
86 silly audit   '@nodelib/fs.scandir': [ '2.1.5' ],
86 silly audit   '@nodelib/fs.stat': [ '2.0.5' ],
86 silly audit   '@nodelib/fs.walk': [ '1.2.8' ],
86 silly audit   '@rolldown/pluginutils': [ '1.0.0-beta.27' ],
86 silly audit   '@rollup/rollup-android-arm-eabi': [ '4.62.2' ],
86 silly audit   '@rollup/rollup-android-arm64': [ '4.62.2' ],
86 silly audit   '@rollup/rollup-darwin-arm64': [ '4.62.2' ],
86 silly audit   '@rollup/rollup-darwin-x64': [ '4.62.2' ],
86 silly audit   '@rollup/rollup-freebsd-arm64': [ '4.62.2' ],
86 silly audit   '@rollup/rollup-freebsd-x64': [ '4.62.2' ],
86 silly audit   '@rollup/rollup-linux-arm-gnueabihf': [ '4.62.2' ],
86 silly audit   '@rollup/rollup-linux-arm-musleabihf': [ '4.62.2' ],
86 silly audit   '@rollup/rollup-linux-arm64-gnu': [ '4.62.2' ],
86 silly audit   '@rollup/rollup-linux-arm64-musl': [ '4.62.2' ],
86 silly audit   '@rollup/rollup-linux-loong64-gnu': [ '4.62.2' ],
86 silly audit   '@rollup/rollup-linux-loong64-musl': [ '4.62.2' ],
86 silly audit   '@rollup/rollup-linux-ppc64-gnu': [ '4.62.2' ],
86 silly audit   '@rollup/rollup-linux-ppc64-musl': [ '4.62.2' ],
86 silly audit   '@rollup/rollup-linux-riscv64-gnu': [ '4.62.2' ],
86 silly audit   '@rollup/rollup-linux-riscv64-musl': [ '4.62.2' ],
86 silly audit   '@rollup/rollup-linux-s390x-gnu': [ '4.62.2' ],
86 silly audit   '@rollup/rollup-linux-x64-gnu': [ '4.62.2' ],
86 silly audit   '@rollup/rollup-linux-x64-musl': [ '4.62.2' ],
86 silly audit   '@rollup/rollup-openbsd-x64': [ '4.62.2' ],
86 silly audit   '@rollup/rollup-openharmony-arm64': [ '4.62.2' ],
86 silly audit   '@rollup/rollup-win32-arm64-msvc': [ '4.62.2' ],
86 silly audit   '@rollup/rollup-win32-ia32-msvc': [ '4.62.2' ],
86 silly audit   '@rollup/rollup-win32-x64-gnu': [ '4.62.2' ],
86 silly audit   '@rollup/rollup-win32-x64-msvc': [ '4.62.2' ],
86 silly audit   '@types/babel__core': [ '7.20.5' ],
86 silly audit   '@types/babel__generator': [ '7.27.0' ],
86 silly audit   '@types/babel__template': [ '7.4.4' ],
86 silly audit   '@types/babel__traverse': [ '7.28.0' ],
86 silly audit   '@types/estree': [ '1.0.9' ],
86 silly audit   '@types/prop-types': [ '15.7.15' ],
86 silly audit   '@types/react': [ '18.3.31' ],
86 silly audit   '@types/react-dom': [ '18.3.7' ],
86 silly audit   '@vitejs/plugin-react': [ '4.7.0' ],
86 silly audit   'any-promise': [ '1.3.0' ],
86 silly audit   anymatch: [ '3.1.3' ],
86 silly audit   arg: [ '5.0.2' ],
86 silly audit   autoprefixer: [ '10.5.2' ],
86 silly audit   'baseline-browser-mapping': [ '2.10.43' ],
86 silly audit   'binary-extensions': [ '2.3.0' ],
86 silly audit   braces: [ '3.0.3' ],
86 silly audit   browserslist: [ '4.28.6' ],
86 silly audit   'camelcase-css': [ '2.0.1' ],
86 silly audit   'caniuse-lite': [ '1.0.30001805' ],
86 silly audit   chokidar: [ '3.6.0' ],
86 silly audit   'glob-parent': [ '5.1.2', '6.0.2' ],
86 silly audit   commander: [ '4.1.1' ],
86 silly audit   'convert-source-map': [ '2.0.0' ],
86 silly audit   cssesc: [ '3.0.0' ],
86 silly audit   csstype: [ '3.2.3' ],
86 silly audit   debug: [ '4.4.3' ],
86 silly audit   didyoumean: [ '1.2.2' ],
86 silly audit   dlv: [ '1.1.3' ],
86 silly audit   'electron-to-chromium': [ '1.5.389' ],
86 silly audit   'es-errors': [ '1.3.0' ],
86 silly audit   esbuild: [ '0.21.5' ],
86 silly audit   escalade: [ '3.2.0' ],
86 silly audit   'fast-glob': [ '3.3.3' ],
86 silly audit   fastq: [ '1.20.1' ],
86 silly audit   'fill-range': [ '7.1.1' ],
86 silly audit   'fraction.js': [ '5.3.4' ],
86 silly audit   fsevents: [ '2.3.3' ],
86 silly audit   'function-bind': [ '1.1.2' ],
86 silly audit   gensync: [ '1.0.0-beta.2' ],
86 silly audit   hasown: [ '2.0.4' ],
86 silly audit   'is-binary-path': [ '2.1.0' ],
86 silly audit   'is-core-module': [ '2.16.2' ],
86 silly audit   'is-extglob': [ '2.1.1' ],
86 silly audit   'is-glob': [ '4.0.3' ],
86 silly audit   'is-number': [ '7.0.0' ],
86 silly audit   jiti: [ '1.21.7' ],
86 silly audit   'js-tokens': [ '4.0.0' ],
86 silly audit   jsesc: [ '3.1.0' ],
86 silly audit   json5: [ '2.2.3' ],
86 silly audit   lilconfig: [ '3.1.3' ],
86 silly audit   'lines-and-columns': [ '1.2.4' ],
86 silly audit   'loose-envify': [ '1.4.0' ],
86 silly audit   'lru-cache': [ '5.1.1' ],
86 silly audit   merge2: [ '1.4.1' ],
86 silly audit   micromatch: [ '4.0.8' ],
86 silly audit   ms: [ '2.1.3' ],
86 silly audit   mz: [ '2.7.0' ],
86 silly audit   nanoid: [ '3.3.16' ],
86 silly audit   'node-releases': [ '2.0.51' ],
86 silly audit   'normalize-path': [ '3.0.0' ],
86 silly audit   'object-assign': [ '4.1.1' ],
86 silly audit   'object-hash': [ '3.0.0' ],
86 silly audit   'path-parse': [ '1.0.7' ],
86 silly audit   picocolors: [ '1.1.1' ],
86 silly audit   picomatch: [ '2.3.2', '4.0.5' ],
86 silly audit   pify: [ '2.3.0' ],
86 silly audit   pirates: [ '4.0.7' ],
86 silly audit   postcss: [ '8.5.19' ],
86 silly audit   'postcss-import': [ '15.1.0' ],
86 silly audit   'postcss-js': [ '4.1.0' ],
86 silly audit   'postcss-load-config': [ '6.0.1' ],
86 silly audit   'postcss-nested': [ '6.2.0' ],
86 silly audit   'postcss-selector-parser': [ '6.1.4' ],
86 silly audit   'postcss-value-parser': [ '4.2.0' ],
86 silly audit   'queue-microtask': [ '1.2.3' ],
86 silly audit   react: [ '18.3.1' ],
86 silly audit   'react-dom': [ '18.3.1' ],
86 silly audit   'react-refresh': [ '0.17.0' ],
86 silly audit   'read-cache': [ '1.0.0' ],
86 silly audit   readdirp: [ '3.6.0' ],
86 silly audit   resolve: [ '1.22.12' ],
86 silly audit   reusify: [ '1.1.0' ],
86 silly audit   rollup: [ '4.62.2' ],
86 silly audit   'run-parallel': [ '1.2.0' ],
86 silly audit   scheduler: [ '0.23.2' ],
86 silly audit   semver: [ '6.3.1' ],
86 silly audit   'source-map-js': [ '1.2.1' ],
86 silly audit   sucrase: [ '3.35.1' ],
86 silly audit   'supports-preserve-symlinks-flag': [ '1.0.0' ],
86 silly audit   tailwindcss: [ '3.4.19' ],
86 silly audit   thenify: [ '3.3.1' ],
86 silly audit   'thenify-all': [ '1.6.0' ],
86 silly audit   tinyglobby: [ '0.2.17' ],
86 silly audit   fdir: [ '6.5.0' ],
86 silly audit   'to-regex-range': [ '5.0.1' ],
86 silly audit   'ts-interface-checker': [ '0.1.13' ],
86 silly audit   typescript: [ '5.9.3' ],
86 silly audit   'update-browserslist-db': [ '1.2.3' ],
86 silly audit   'util-deprecate': [ '1.0.2' ],
86 silly audit   vite: [ '5.4.21' ],
86 silly audit   yallist: [ '3.1.1' ]
86 silly audit }
87 verbose audit error FetchError: request to https://registry.npmjs.org/-/npm/v1/security/advisories/bulk failed, reason: getaddrinfo ENOTFOUND registry.npmjs.org
87 verbose audit error     at ClientRequest.<anonymous> (/opt/homebrew/lib/node_modules/npm/node_modules/minipass-fetch/lib/index.js:130:14)
87 verbose audit error     at ClientRequest.emit (node:events:509:20)
87 verbose audit error     at emitErrorEvent (node:_http_client:109:11)
87 verbose audit error     at _destroy (node:_http_client:993:9)
87 verbose audit error     at onSocketNT (node:_http_client:1013:5)
87 verbose audit error     at process.processTicksAndRejections (node:internal/process/task_queues:91:21) {
87 verbose audit error   code: 'ENOTFOUND',
87 verbose audit error   errno: 'ENOTFOUND',
87 verbose audit error   syscall: 'getaddrinfo',
87 verbose audit error   hostname: 'registry.npmjs.org',
87 verbose audit error   type: 'system'
87 verbose audit error }
88 silly audit error undefined
89 silly audit report null
90 http cache resolve@https://registry.npmjs.org/resolve/-/resolve-1.22.12.tgz 0ms (cache hit)
91 http cache esbuild@https://registry.npmjs.org/esbuild/-/esbuild-0.21.5.tgz 0ms (cache hit)
92 http cache @rollup/rollup-darwin-arm64@https://registry.npmjs.org/@rollup/rollup-darwin-arm64/-/rollup-darwin-arm64-4.62.2.tgz 0ms (cache hit)
93 http cache @types/react@https://registry.npmjs.org/@types/react/-/react-18.3.31.tgz 0ms (cache hit)
94 http cache loose-envify@https://registry.npmjs.org/loose-envify/-/loose-envify-1.4.0.tgz 0ms (cache hit)
95 http cache cssesc@https://registry.npmjs.org/cssesc/-/cssesc-3.0.0.tgz 0ms (cache hit)
96 http cache @types/babel__template@https://registry.npmjs.org/@types/babel__template/-/babel__template-7.4.4.tgz 0ms (cache hit)
97 http cache @types/babel__traverse@https://registry.npmjs.org/@types/babel__traverse/-/babel__traverse-7.28.0.tgz 0ms (cache hit)
98 http cache @types/babel__core@https://registry.npmjs.org/@types/babel__core/-/babel__core-7.20.5.tgz 0ms (cache hit)
99 http cache @types/estree@https://registry.npmjs.org/@types/estree/-/estree-1.0.9.tgz 0ms (cache hit)
100 http cache @vitejs/plugin-react@https://registry.npmjs.org/@vitejs/plugin-react/-/plugin-react-4.7.0.tgz 0ms (cache hit)
101 http cache @types/prop-types@https://registry.npmjs.org/@types/prop-types/-/prop-types-15.7.15.tgz 0ms (cache hit)
102 http cache @jridgewell/trace-mapping@https://registry.npmjs.org/@jridgewell/trace-mapping/-/trace-mapping-0.3.31.tgz 0ms (cache hit)
103 http cache @jridgewell/sourcemap-codec@https://registry.npmjs.org/@jridgewell/sourcemap-codec/-/sourcemap-codec-1.5.5.tgz 0ms (cache hit)
104 http cache @babel/plugin-transform-react-jsx-source@https://registry.npmjs.org/@babel/plugin-transform-react-jsx-source/-/plugin-transform-react-jsx-source-7.29.7.tgz 0ms (cache hit)
105 http cache @babel/types@https://registry.npmjs.org/@babel/types/-/types-7.29.7.tgz 0ms (cache hit)
106 http cache @babel/plugin-transform-react-jsx-self@https://registry.npmjs.org/@babel/plugin-transform-react-jsx-self/-/plugin-transform-react-jsx-self-7.29.7.tgz 0ms (cache hit)
107 http cache @babel/helper-validator-option@https://registry.npmjs.org/@babel/helper-validator-option/-/helper-validator-option-7.29.7.tgz 0ms (cache hit)
108 http cache @jridgewell/gen-mapping@https://registry.npmjs.org/@jridgewell/gen-mapping/-/gen-mapping-0.3.13.tgz 0ms (cache hit)
109 http cache @jridgewell/remapping@https://registry.npmjs.org/@jridgewell/remapping/-/remapping-2.3.5.tgz 0ms (cache hit)
110 http cache @babel/helpers@https://registry.npmjs.org/@babel/helpers/-/helpers-7.29.7.tgz 0ms (cache hit)
111 http cache @types/babel__generator@https://registry.npmjs.org/@types/babel__generator/-/babel__generator-7.27.0.tgz 0ms (cache hit)
112 http cache @babel/helper-validator-identifier@https://registry.npmjs.org/@babel/helper-validator-identifier/-/helper-validator-identifier-7.29.7.tgz 0ms (cache hit)
113 http cache @babel/parser@https://registry.npmjs.org/@babel/parser/-/parser-7.29.7.tgz 0ms (cache hit)
114 http cache @babel/helper-module-transforms@https://registry.npmjs.org/@babel/helper-module-transforms/-/helper-module-transforms-7.29.7.tgz 0ms (cache hit)
115 http cache @babel/template@https://registry.npmjs.org/@babel/template/-/template-7.29.7.tgz 0ms (cache hit)
116 http cache @babel/helper-plugin-utils@https://registry.npmjs.org/@babel/helper-plugin-utils/-/helper-plugin-utils-7.29.7.tgz 0ms (cache hit)
117 http cache @babel/helper-module-imports@https://registry.npmjs.org/@babel/helper-module-imports/-/helper-module-imports-7.29.7.tgz 0ms (cache hit)
118 http cache @babel/helper-string-parser@https://registry.npmjs.org/@babel/helper-string-parser/-/helper-string-parser-7.29.7.tgz 0ms (cache hit)
119 http cache @babel/core@https://registry.npmjs.org/@babel/core/-/core-7.29.7.tgz 0ms (cache hit)
120 http cache @babel/code-frame@https://registry.npmjs.org/@babel/code-frame/-/code-frame-7.29.7.tgz 0ms (cache hit)
121 http cache typescript@https://registry.npmjs.org/typescript/-/typescript-5.9.3.tgz 0ms (cache hit)
122 http cache @babel/compat-data@https://registry.npmjs.org/@babel/compat-data/-/compat-data-7.29.7.tgz 0ms (cache hit)
123 http cache vite@https://registry.npmjs.org/vite/-/vite-5.4.21.tgz 0ms (cache hit)
124 http cache @babel/helper-globals@https://registry.npmjs.org/@babel/helper-globals/-/helper-globals-7.29.7.tgz 0ms (cache hit)
125 http cache @babel/generator@https://registry.npmjs.org/@babel/generator/-/generator-7.29.7.tgz 0ms (cache hit)
126 http cache @babel/helper-compilation-targets@https://registry.npmjs.org/@babel/helper-compilation-targets/-/helper-compilation-targets-7.29.7.tgz 0ms (cache hit)
127 http cache update-browserslist-db@https://registry.npmjs.org/update-browserslist-db/-/update-browserslist-db-1.2.3.tgz 0ms (cache hit)
128 http cache yallist@https://registry.npmjs.org/yallist/-/yallist-3.1.1.tgz 0ms (cache hit)
129 http cache tinyglobby@https://registry.npmjs.org/tinyglobby/-/tinyglobby-0.2.17.tgz 0ms (cache hit)
130 http cache @babel/traverse@https://registry.npmjs.org/@babel/traverse/-/traverse-7.29.7.tgz 0ms (cache hit)
131 http cache sucrase@https://registry.npmjs.org/sucrase/-/sucrase-3.35.1.tgz 0ms (cache hit)
132 http cache semver@https://registry.npmjs.org/semver/-/semver-6.3.1.tgz 0ms (cache hit)
133 http cache tailwindcss@https://registry.npmjs.org/tailwindcss/-/tailwindcss-3.4.19.tgz 0ms (cache hit)
134 http cache react-refresh@https://registry.npmjs.org/react-refresh/-/react-refresh-0.17.0.tgz 0ms (cache hit)
135 http cache postcss-selector-parser@https://registry.npmjs.org/postcss-selector-parser/-/postcss-selector-parser-6.1.4.tgz 0ms (cache hit)
136 http cache rollup@https://registry.npmjs.org/rollup/-/rollup-4.62.2.tgz 0ms (cache hit)
137 http cache nanoid@https://registry.npmjs.org/nanoid/-/nanoid-3.3.16.tgz 0ms (cache hit)
138 http cache reusify@https://registry.npmjs.org/reusify/-/reusify-1.1.0.tgz 0ms (cache hit)
139 http cache pirates@https://registry.npmjs.org/pirates/-/pirates-4.0.7.tgz 0ms (cache hit)
140 http cache postcss-js@https://registry.npmjs.org/postcss-js/-/postcss-js-4.1.0.tgz 0ms (cache hit)
141 http cache node-releases@https://registry.npmjs.org/node-releases/-/node-releases-2.0.51.tgz 0ms (cache hit)
142 http cache lru-cache@https://registry.npmjs.org/lru-cache/-/lru-cache-5.1.1.tgz 0ms (cache hit)
143 http cache is-core-module@https://registry.npmjs.org/is-core-module/-/is-core-module-2.16.2.tgz 0ms (cache hit)
144 http cache json5@https://registry.npmjs.org/json5/-/json5-2.2.3.tgz 0ms (cache hit)
145 http cache gensync@https://registry.npmjs.org/gensync/-/gensync-1.0.0-beta.2.tgz 0ms (cache hit)
146 http cache fraction.js@https://registry.npmjs.org/fraction.js/-/fraction.js-5.3.4.tgz 0ms (cache hit)
147 http cache hasown@https://registry.npmjs.org/hasown/-/hasown-2.0.4.tgz 0ms (cache hit)
148 http cache jiti@https://registry.npmjs.org/jiti/-/jiti-1.21.7.tgz 0ms (cache hit)
149 http cache postcss@https://registry.npmjs.org/postcss/-/postcss-8.5.19.tgz 0ms (cache hit)
150 http cache fast-glob@https://registry.npmjs.org/fast-glob/-/fast-glob-3.3.3.tgz 0ms (cache hit)
151 http cache fastq@https://registry.npmjs.org/fastq/-/fastq-1.20.1.tgz 0ms (cache hit)
152 http cache postcss-load-config@https://registry.npmjs.org/postcss-load-config/-/postcss-load-config-6.0.1.tgz 0ms (cache hit)
153 http cache jsesc@https://registry.npmjs.org/jsesc/-/jsesc-3.1.0.tgz 0ms (cache hit)
154 http cache baseline-browser-mapping@https://registry.npmjs.org/baseline-browser-mapping/-/baseline-browser-mapping-2.10.43.tgz 0ms (cache hit)
155 http cache browserslist@https://registry.npmjs.org/browserslist/-/browserslist-4.28.6.tgz 0ms (cache hit)
156 http cache caniuse-lite@https://registry.npmjs.org/caniuse-lite/-/caniuse-lite-1.0.30001805.tgz 0ms (cache hit)
157 http cache autoprefixer@https://registry.npmjs.org/autoprefixer/-/autoprefixer-10.5.2.tgz 0ms (cache hit)
158 http cache electron-to-chromium@https://registry.npmjs.org/electron-to-chromium/-/electron-to-chromium-1.5.389.tgz 0ms (cache hit)
159 silly tarball no local data for resolve@https://registry.npmjs.org/resolve/-/resolve-1.22.12.tgz. Extracting by manifest.
160 silly tarball no local data for esbuild@https://registry.npmjs.org/esbuild/-/esbuild-0.21.5.tgz. Extracting by manifest.
161 silly tarball no local data for @rollup/rollup-darwin-arm64@https://registry.npmjs.org/@rollup/rollup-darwin-arm64/-/rollup-darwin-arm64-4.62.2.tgz. Extracting by manifest.
162 silly tarball no local data for @types/react@https://registry.npmjs.org/@types/react/-/react-18.3.31.tgz. Extracting by manifest.
163 silly tarball no local data for loose-envify@https://registry.npmjs.org/loose-envify/-/loose-envify-1.4.0.tgz. Extracting by manifest.
164 silly tarball no local data for cssesc@https://registry.npmjs.org/cssesc/-/cssesc-3.0.0.tgz. Extracting by manifest.
165 silly tarball no local data for @types/babel__template@https://registry.npmjs.org/@types/babel__template/-/babel__template-7.4.4.tgz. Extracting by manifest.
166 http cache picomatch@https://registry.npmjs.org/picomatch/-/picomatch-4.0.5.tgz 0ms (cache hit)
167 http cache fdir@https://registry.npmjs.org/fdir/-/fdir-6.5.0.tgz 0ms (cache hit)
168 http cache convert-source-map@https://registry.npmjs.org/convert-source-map/-/convert-source-map-2.0.0.tgz 0ms (cache hit)
169 silly tarball no local data for @types/babel__traverse@https://registry.npmjs.org/@types/babel__traverse/-/babel__traverse-7.28.0.tgz. Extracting by manifest.
170 silly tarball no local data for @types/babel__core@https://registry.npmjs.org/@types/babel__core/-/babel__core-7.20.5.tgz. Extracting by manifest.
171 silly tarball no local data for @types/estree@https://registry.npmjs.org/@types/estree/-/estree-1.0.9.tgz. Extracting by manifest.
172 silly tarball no local data for @vitejs/plugin-react@https://registry.npmjs.org/@vitejs/plugin-react/-/plugin-react-4.7.0.tgz. Extracting by manifest.
173 silly tarball no local data for @types/prop-types@https://registry.npmjs.org/@types/prop-types/-/prop-types-15.7.15.tgz. Extracting by manifest.
174 silly tarball no local data for @jridgewell/trace-mapping@https://registry.npmjs.org/@jridgewell/trace-mapping/-/trace-mapping-0.3.31.tgz. Extracting by manifest.
175 silly tarball no local data for @jridgewell/sourcemap-codec@https://registry.npmjs.org/@jridgewell/sourcemap-codec/-/sourcemap-codec-1.5.5.tgz. Extracting by manifest.
176 silly tarball no local data for @babel/plugin-transform-react-jsx-source@https://registry.npmjs.org/@babel/plugin-transform-react-jsx-source/-/plugin-transform-react-jsx-source-7.29.7.tgz. Extracting by manifest.
177 silly tarball no local data for @babel/types@https://registry.npmjs.org/@babel/types/-/types-7.29.7.tgz. Extracting by manifest.
178 silly tarball no local data for @babel/plugin-transform-react-jsx-self@https://registry.npmjs.org/@babel/plugin-transform-react-jsx-self/-/plugin-transform-react-jsx-self-7.29.7.tgz. Extracting by manifest.
179 silly tarball no local data for @babel/helper-validator-option@https://registry.npmjs.org/@babel/helper-validator-option/-/helper-validator-option-7.29.7.tgz. Extracting by manifest.
180 silly tarball no local data for @jridgewell/gen-mapping@https://registry.npmjs.org/@jridgewell/gen-mapping/-/gen-mapping-0.3.13.tgz. Extracting by manifest.
181 silly tarball no local data for @jridgewell/remapping@https://registry.npmjs.org/@jridgewell/remapping/-/remapping-2.3.5.tgz. Extracting by manifest.
182 silly tarball no local data for @babel/helpers@https://registry.npmjs.org/@babel/helpers/-/helpers-7.29.7.tgz. Extracting by manifest.
183 silly tarball no local data for @types/babel__generator@https://registry.npmjs.org/@types/babel__generator/-/babel__generator-7.27.0.tgz. Extracting by manifest.
184 silly tarball no local data for @babel/helper-validator-identifier@https://registry.npmjs.org/@babel/helper-validator-identifier/-/helper-validator-identifier-7.29.7.tgz. Extracting by manifest.
185 silly tarball no local data for @babel/parser@https://registry.npmjs.org/@babel/parser/-/parser-7.29.7.tgz. Extracting by manifest.
186 silly tarball no local data for @babel/helper-module-transforms@https://registry.npmjs.org/@babel/helper-module-transforms/-/helper-module-transforms-7.29.7.tgz. Extracting by manifest.
187 silly tarball no local data for @babel/template@https://registry.npmjs.org/@babel/template/-/template-7.29.7.tgz. Extracting by manifest.
188 silly tarball no local data for @babel/helper-plugin-utils@https://registry.npmjs.org/@babel/helper-plugin-utils/-/helper-plugin-utils-7.29.7.tgz. Extracting by manifest.
189 silly tarball no local data for @babel/helper-module-imports@https://registry.npmjs.org/@babel/helper-module-imports/-/helper-module-imports-7.29.7.tgz. Extracting by manifest.
190 silly tarball no local data for @babel/helper-string-parser@https://registry.npmjs.org/@babel/helper-string-parser/-/helper-string-parser-7.29.7.tgz. Extracting by manifest.
191 silly tarball no local data for @babel/core@https://registry.npmjs.org/@babel/core/-/core-7.29.7.tgz. Extracting by manifest.
192 silly tarball no local data for @babel/code-frame@https://registry.npmjs.org/@babel/code-frame/-/code-frame-7.29.7.tgz. Extracting by manifest.
193 silly tarball no local data for typescript@https://registry.npmjs.org/typescript/-/typescript-5.9.3.tgz. Extracting by manifest.
194 silly tarball no local data for @babel/compat-data@https://registry.npmjs.org/@babel/compat-data/-/compat-data-7.29.7.tgz. Extracting by manifest.
195 silly tarball no local data for vite@https://registry.npmjs.org/vite/-/vite-5.4.21.tgz. Extracting by manifest.
196 silly tarball no local data for @babel/helper-globals@https://registry.npmjs.org/@babel/helper-globals/-/helper-globals-7.29.7.tgz. Extracting by manifest.
197 silly tarball no local data for @babel/generator@https://registry.npmjs.org/@babel/generator/-/generator-7.29.7.tgz. Extracting by manifest.
198 silly tarball no local data for @babel/helper-compilation-targets@https://registry.npmjs.org/@babel/helper-compilation-targets/-/helper-compilation-targets-7.29.7.tgz. Extracting by manifest.
199 silly tarball no local data for update-browserslist-db@https://registry.npmjs.org/update-browserslist-db/-/update-browserslist-db-1.2.3.tgz. Extracting by manifest.
200 silly tarball no local data for yallist@https://registry.npmjs.org/yallist/-/yallist-3.1.1.tgz. Extracting by manifest.
201 silly tarball no local data for tinyglobby@https://registry.npmjs.org/tinyglobby/-/tinyglobby-0.2.17.tgz. Extracting by manifest.
202 silly tarball no local data for @babel/traverse@https://registry.npmjs.org/@babel/traverse/-/traverse-7.29.7.tgz. Extracting by manifest.
203 silly tarball no local data for sucrase@https://registry.npmjs.org/sucrase/-/sucrase-3.35.1.tgz. Extracting by manifest.
204 silly tarball no local data for semver@https://registry.npmjs.org/semver/-/semver-6.3.1.tgz. Extracting by manifest.
205 silly tarball no local data for tailwindcss@https://registry.npmjs.org/tailwindcss/-/tailwindcss-3.4.19.tgz. Extracting by manifest.
206 silly tarball no local data for react-refresh@https://registry.npmjs.org/react-refresh/-/react-refresh-0.17.0.tgz. Extracting by manifest.
207 silly tarball no local data for postcss-selector-parser@https://registry.npmjs.org/postcss-selector-parser/-/postcss-selector-parser-6.1.4.tgz. Extracting by manifest.
208 silly tarball no local data for rollup@https://registry.npmjs.org/rollup/-/rollup-4.62.2.tgz. Extracting by manifest.
209 silly tarball no local data for nanoid@https://registry.npmjs.org/nanoid/-/nanoid-3.3.16.tgz. Extracting by manifest.
210 silly tarball no local data for reusify@https://registry.npmjs.org/reusify/-/reusify-1.1.0.tgz. Extracting by manifest.
211 silly tarball no local data for pirates@https://registry.npmjs.org/pirates/-/pirates-4.0.7.tgz. Extracting by manifest.
212 silly tarball no local data for postcss-js@https://registry.npmjs.org/postcss-js/-/postcss-js-4.1.0.tgz. Extracting by manifest.
213 silly tarball no local data for node-releases@https://registry.npmjs.org/node-releases/-/node-releases-2.0.51.tgz. Extracting by manifest.
214 silly tarball no local data for lru-cache@https://registry.npmjs.org/lru-cache/-/lru-cache-5.1.1.tgz. Extracting by manifest.
215 silly tarball no local data for is-core-module@https://registry.npmjs.org/is-core-module/-/is-core-module-2.16.2.tgz. Extracting by manifest.
216 silly tarball no local data for json5@https://registry.npmjs.org/json5/-/json5-2.2.3.tgz. Extracting by manifest.
217 silly tarball no local data for gensync@https://registry.npmjs.org/gensync/-/gensync-1.0.0-beta.2.tgz. Extracting by manifest.
218 silly tarball no local data for fraction.js@https://registry.npmjs.org/fraction.js/-/fraction.js-5.3.4.tgz. Extracting by manifest.
219 silly tarball no local data for hasown@https://registry.npmjs.org/hasown/-/hasown-2.0.4.tgz. Extracting by manifest.
220 silly tarball no local data for jiti@https://registry.npmjs.org/jiti/-/jiti-1.21.7.tgz. Extracting by manifest.
221 silly tarball no local data for postcss@https://registry.npmjs.org/postcss/-/postcss-8.5.19.tgz. Extracting by manifest.
222 silly tarball no local data for fast-glob@https://registry.npmjs.org/fast-glob/-/fast-glob-3.3.3.tgz. Extracting by manifest.
223 silly tarball no local data for fastq@https://registry.npmjs.org/fastq/-/fastq-1.20.1.tgz. Extracting by manifest.
224 silly tarball no local data for postcss-load-config@https://registry.npmjs.org/postcss-load-config/-/postcss-load-config-6.0.1.tgz. Extracting by manifest.
225 silly tarball no local data for jsesc@https://registry.npmjs.org/jsesc/-/jsesc-3.1.0.tgz. Extracting by manifest.
226 silly tarball no local data for baseline-browser-mapping@https://registry.npmjs.org/baseline-browser-mapping/-/baseline-browser-mapping-2.10.43.tgz. Extracting by manifest.
227 silly tarball no local data for browserslist@https://registry.npmjs.org/browserslist/-/browserslist-4.28.6.tgz. Extracting by manifest.
228 silly tarball no local data for caniuse-lite@https://registry.npmjs.org/caniuse-lite/-/caniuse-lite-1.0.30001805.tgz. Extracting by manifest.
229 silly tarball no local data for autoprefixer@https://registry.npmjs.org/autoprefixer/-/autoprefixer-10.5.2.tgz. Extracting by manifest.
230 silly tarball no local data for electron-to-chromium@https://registry.npmjs.org/electron-to-chromium/-/electron-to-chromium-1.5.389.tgz. Extracting by manifest.
231 silly tarball no local data for picomatch@https://registry.npmjs.org/picomatch/-/picomatch-4.0.5.tgz. Extracting by manifest.
232 silly tarball no local data for fdir@https://registry.npmjs.org/fdir/-/fdir-6.5.0.tgz. Extracting by manifest.
233 silly tarball no local data for convert-source-map@https://registry.npmjs.org/convert-source-map/-/convert-source-map-2.0.0.tgz. Extracting by manifest.
234 http fetch GET https://registry.npmjs.org/resolve/-/resolve-1.22.12.tgz attempt 1 failed with ENOTFOUND
235 http fetch GET https://registry.npmjs.org/esbuild/-/esbuild-0.21.5.tgz attempt 1 failed with ENOTFOUND
236 http fetch GET https://registry.npmjs.org/@rollup/rollup-darwin-arm64/-/rollup-darwin-arm64-4.62.2.tgz attempt 1 failed with ENOTFOUND
237 http fetch GET https://registry.npmjs.org/@types/react/-/react-18.3.31.tgz attempt 1 failed with ENOTFOUND
238 http fetch GET https://registry.npmjs.org/loose-envify/-/loose-envify-1.4.0.tgz attempt 1 failed with ENOTFOUND
239 http fetch GET https://registry.npmjs.org/cssesc/-/cssesc-3.0.0.tgz attempt 1 failed with ENOTFOUND
240 http fetch GET https://registry.npmjs.org/@types/babel__template/-/babel__template-7.4.4.tgz attempt 1 failed with ENOTFOUND
241 http fetch GET https://registry.npmjs.org/@types/babel__traverse/-/babel__traverse-7.28.0.tgz attempt 1 failed with ENOTFOUND
242 http fetch GET https://registry.npmjs.org/@types/babel__core/-/babel__core-7.20.5.tgz attempt 1 failed with ENOTFOUND
243 http fetch GET https://registry.npmjs.org/@types/estree/-/estree-1.0.9.tgz attempt 1 failed with ENOTFOUND
244 http fetch GET https://registry.npmjs.org/@vitejs/plugin-react/-/plugin-react-4.7.0.tgz attempt 1 failed with ENOTFOUND
245 http fetch GET https://registry.npmjs.org/@types/prop-types/-/prop-types-15.7.15.tgz attempt 1 failed with ENOTFOUND
246 http fetch GET https://registry.npmjs.org/@jridgewell/trace-mapping/-/trace-mapping-0.3.31.tgz attempt 1 failed with ENOTFOUND
247 http fetch GET https://registry.npmjs.org/@jridgewell/sourcemap-codec/-/sourcemap-codec-1.5.5.tgz attempt 1 failed with ENOTFOUND
248 http fetch GET https://registry.npmjs.org/@babel/plugin-transform-react-jsx-source/-/plugin-transform-react-jsx-source-7.29.7.tgz attempt 1 failed with ENOTFOUND
249 http fetch GET https://registry.npmjs.org/picomatch/-/picomatch-4.0.5.tgz attempt 1 failed with ENOTFOUND
250 http fetch GET https://registry.npmjs.org/fdir/-/fdir-6.5.0.tgz attempt 1 failed with ENOTFOUND
251 http fetch GET https://registry.npmjs.org/convert-source-map/-/convert-source-map-2.0.0.tgz attempt 1 failed with ENOTFOUND
252 http fetch GET https://registry.npmjs.org/npm attempt 2 failed with ENOTFOUND
253 http fetch GET https://registry.npmjs.org/resolve/-/resolve-1.22.12.tgz attempt 2 failed with ENOTFOUND
254 http fetch GET https://registry.npmjs.org/esbuild/-/esbuild-0.21.5.tgz attempt 2 failed with ENOTFOUND
255 http fetch GET https://registry.npmjs.org/@rollup/rollup-darwin-arm64/-/rollup-darwin-arm64-4.62.2.tgz attempt 2 failed with ENOTFOUND
256 http fetch GET https://registry.npmjs.org/@types/react/-/react-18.3.31.tgz attempt 2 failed with ENOTFOUND
257 http fetch GET https://registry.npmjs.org/loose-envify/-/loose-envify-1.4.0.tgz attempt 2 failed with ENOTFOUND
258 http fetch GET https://registry.npmjs.org/cssesc/-/cssesc-3.0.0.tgz attempt 2 failed with ENOTFOUND
259 http fetch GET https://registry.npmjs.org/@types/babel__template/-/babel__template-7.4.4.tgz attempt 2 failed with ENOTFOUND
260 http fetch GET https://registry.npmjs.org/@types/babel__traverse/-/babel__traverse-7.28.0.tgz attempt 2 failed with ENOTFOUND
261 http fetch GET https://registry.npmjs.org/@types/babel__core/-/babel__core-7.20.5.tgz attempt 2 failed with ENOTFOUND
262 http fetch GET https://registry.npmjs.org/@types/estree/-/estree-1.0.9.tgz attempt 2 failed with ENOTFOUND
263 http fetch GET https://registry.npmjs.org/@vitejs/plugin-react/-/plugin-react-4.7.0.tgz attempt 2 failed with ENOTFOUND
264 http fetch GET https://registry.npmjs.org/@types/prop-types/-/prop-types-15.7.15.tgz attempt 2 failed with ENOTFOUND
265 http fetch GET https://registry.npmjs.org/@jridgewell/trace-mapping/-/trace-mapping-0.3.31.tgz attempt 2 failed with ENOTFOUND
266 http fetch GET https://registry.npmjs.org/@jridgewell/sourcemap-codec/-/sourcemap-codec-1.5.5.tgz attempt 2 failed with ENOTFOUND
267 http fetch GET https://registry.npmjs.org/@babel/plugin-transform-react-jsx-source/-/plugin-transform-react-jsx-source-7.29.7.tgz attempt 2 failed with ENOTFOUND
268 http fetch GET https://registry.npmjs.org/picomatch/-/picomatch-4.0.5.tgz attempt 2 failed with ENOTFOUND
269 http fetch GET https://registry.npmjs.org/fdir/-/fdir-6.5.0.tgz attempt 2 failed with ENOTFOUND
270 http fetch GET https://registry.npmjs.org/convert-source-map/-/convert-source-map-2.0.0.tgz attempt 2 failed with ENOTFOUND
271 http fetch GET https://registry.npmjs.org/npm attempt 3 failed with ENOTFOUND
272 http fetch GET https://registry.npmjs.org/resolve/-/resolve-1.22.12.tgz attempt 3 failed with ENOTFOUND
273 http fetch GET https://registry.npmjs.org/esbuild/-/esbuild-0.21.5.tgz attempt 3 failed with ENOTFOUND
274 http fetch GET https://registry.npmjs.org/@rollup/rollup-darwin-arm64/-/rollup-darwin-arm64-4.62.2.tgz attempt 3 failed with ENOTFOUND
275 verbose reify failed optional dependency /Users/apple/Downloads/App_chatbot/FE/node_modules/@rollup/rollup-darwin-arm64
276 silly reify mark deleted [
276 silly reify   '/Users/apple/Downloads/App_chatbot/FE/node_modules/@rollup/rollup-darwin-arm64'
276 silly reify ]
277 http fetch GET https://registry.npmjs.org/@types/react/-/react-18.3.31.tgz attempt 3 failed with ENOTFOUND
278 http fetch GET https://registry.npmjs.org/loose-envify/-/loose-envify-1.4.0.tgz attempt 3 failed with ENOTFOUND
279 http fetch GET https://registry.npmjs.org/cssesc/-/cssesc-3.0.0.tgz attempt 3 failed with ENOTFOUND
280 http fetch GET https://registry.npmjs.org/@types/babel__template/-/babel__template-7.4.4.tgz attempt 3 failed with ENOTFOUND
281 http fetch GET https://registry.npmjs.org/@types/babel__traverse/-/babel__traverse-7.28.0.tgz attempt 3 failed with ENOTFOUND
282 http fetch GET https://registry.npmjs.org/@types/babel__core/-/babel__core-7.20.5.tgz attempt 3 failed with ENOTFOUND
283 http fetch GET https://registry.npmjs.org/@types/estree/-/estree-1.0.9.tgz attempt 3 failed with ENOTFOUND
284 http fetch GET https://registry.npmjs.org/@vitejs/plugin-react/-/plugin-react-4.7.0.tgz attempt 3 failed with ENOTFOUND
285 http fetch GET https://registry.npmjs.org/@types/prop-types/-/prop-types-15.7.15.tgz attempt 3 failed with ENOTFOUND
286 http fetch GET https://registry.npmjs.org/@jridgewell/trace-mapping/-/trace-mapping-0.3.31.tgz attempt 3 failed with ENOTFOUND
287 http fetch GET https://registry.npmjs.org/@jridgewell/sourcemap-codec/-/sourcemap-codec-1.5.5.tgz attempt 3 failed with ENOTFOUND
288 http fetch GET https://registry.npmjs.org/@babel/plugin-transform-react-jsx-source/-/plugin-transform-react-jsx-source-7.29.7.tgz attempt 3 failed with ENOTFOUND
289 http fetch GET https://registry.npmjs.org/picomatch/-/picomatch-4.0.5.tgz attempt 3 failed with ENOTFOUND
290 http fetch GET https://registry.npmjs.org/fdir/-/fdir-6.5.0.tgz attempt 3 failed with ENOTFOUND
291 http fetch GET https://registry.npmjs.org/convert-source-map/-/convert-source-map-2.0.0.tgz attempt 3 failed with ENOTFOUND
292 verbose cwd /Users/apple/Downloads/App_chatbot/FE
293 verbose os Darwin 24.5.0
294 verbose node v26.0.0
295 verbose npm  v11.12.1
296 error Exit handler never called!
297 error This is an error with npm itself. Please report this error at:
298 error   <https://github.com/npm/cli/issues>
299 verbose exit 1
300 verbose code 1
301 error A complete log of this run can be found in: /Users/apple/Downloads/App_chatbot/FE/.npm-cache/_logs/2026-07-14T03_46_41_427Z-debug-0.log
